// Jest Snapshot v1, https://goo.gl/fbAQLP

exports[`repositories.js repositories.list property returns an Array of repositories 1`] = `
Array [
  Object {
    "name": "Bitter-Canal",
    "owner": "financial-times-sandbox",
    "topics": Array [],
  },
  Object {
    "name": "Black-Pottery",
    "owner": "financial-times-sandbox",
    "topics": Array [],
  },
  Object {
    "name": "Deserted-Jazz",
    "owner": "financial-times-sandbox",
    "topics": Array [
      "application",
      "music",
    ],
  },
  Object {
    "name": "Dreadful-Antique",
    "owner": "financial-times-sandbox",
    "topics": Array [
      "component",
    ],
  },
  Object {
    "name": "Eastern-Street",
    "owner": "financial-times-sandbox",
    "topics": Array [],
  },
  Object {
    "name": "Essential-Xylophone",
    "owner": "financial-times-sandbox",
    "topics": Array [],
  },
  Object {
    "name": "Massive-Moose",
    "owner": "financial-times-sandbox",
    "topics": Array [],
  },
]
`;
